I'm sorry, but errors were detected in your script. Please correct the
errors listed below, and try again.


File "game/character_frame.rpy", line 31: 'xalign' is not a keyword argument or valid child of the for statement.
    xalign 0.5
          ^

Ren'Py Version: Ren'Py 8.2.3.24061702
Sat Jul 20 07:13:06 2024
